Analyzing quan_ly_nha_tro...

  error - lib\core\theme\app_theme.dart:58:47 - Invalid constant value. - invalid_constant
  error - lib\core\theme\app_theme.dart:66:16 - Invalid constant value. - invalid_constant
  error - lib\core\theme\app_theme.dart:100:47 - Invalid constant value. - invalid_constant
  error - lib\core\theme\app_theme.dart:109:26 - Invalid constant value. - invalid_constant
  error - lib\features\auth\presentation\pages\register_page.dart:69:30 - Invalid constant value. - invalid_constant
  error - lib\features\home\presentation\pages\home_page.dart:39:34 - Invalid constant value. - invalid_constant
  error - lib\features\home\presentation\pages\home_page.dart:323:65 - Invalid constant value. - invalid_constant
  error - lib\features\home\presentation\pages\home_page.dart:333:22 - Invalid constant value. - invalid_constant
  error - lib\features\home\presentation\pages\home_page.dart:459:67 - Invalid constant value. - invalid_constant
  error - lib\features\invoices\presentation\pages\create_invoice_page.dart:279:48 - Invalid constant value. - invalid_constant
  error - lib\features\invoices\presentation\pages\create_invoice_page.dart:294:48 - Invalid constant value. - invalid_constant
  error - lib\features\invoices\presentation\pages\create_invoice_page.dart:391:50 - Invalid constant value. - invalid_constant
  error - lib\features\invoices\presentation\pages\create_invoice_page.dart:486:49 - Invalid constant value. - invalid_constant
  error - lib\features\invoices\presentation\pages\invoice_status_page.dart:63:72 - Invalid constant value. - invalid_constant
  error - lib\features\invoices\presentation\pages\invoice_status_page.dart:147:68 - Invalid constant value. - invalid_constant
  error - lib\features\invoices\presentation\pages\invoice_status_page.dart:365:52 - Invalid constant value. - invalid_constant
  error - lib\features\meter_readings\presentation\pages\meter_reading_detail_page.dart:81:62 - Invalid constant value. - invalid_constant
  error - lib\features\meter_readings\presentation\pages\meter_reading_detail_page.dart:82:60 - Invalid constant value. - invalid_constant
  error - lib\features\meter_readings\presentation\pages\meter_reading_detail_page.dart:143:78 - Invalid constant value. - invalid_constant
  error - lib\features\meter_readings\presentation\pages\meter_reading_detail_page.dart:171:66 - Invalid constant value. - invalid_constant
  error - lib\features\meter_readings\presentation\pages\meter_reading_detail_page.dart:229:78 - Invalid constant value. - invalid_constant
  error - lib\features\meter_readings\presentation\pages\meter_reading_detail_page.dart:251:55 - Invalid constant value. - invalid_constant
  error - lib\features\meter_readings\presentation\pages\meter_readings_page.dart:68:76 - Invalid constant value. - invalid_constant
  error - lib\features\meter_readings\presentation\pages\meter_readings_page.dart:211:78 - Invalid constant value. - invalid_constant
  error - lib\features\meter_readings\presentation\pages\meter_readings_page.dart:229:95 - Invalid constant value. - invalid_constant
  error - lib\features\meter_readings\presentation\pages\meter_readings_page.dart:238:45 - Invalid constant value. - invalid_constant
  error - lib\features\meter_readings\presentation\pages\meter_readings_page.dart:283:70 - Invalid constant value. - invalid_constant
  error - lib\features\meter_readings\presentation\pages\meter_readings_page.dart:298:97 - Invalid constant value. - invalid_constant
  error - lib\features\meter_readings\presentation\pages\meter_readings_page.dart:309:61 - Invalid constant value. - invalid_constant
  error - lib\features\meter_readings\presentation\pages\meter_readings_page.dart:319:67 - Invalid constant value. - invalid_constant
  error - lib\features\meter_readings\presentation\pages\meter_readings_page.dart:367:81 - Invalid constant value. - invalid_constant
  error - lib\features\properties\presentation\pages\properties_list_page.dart:57:63 - Invalid constant value. - invalid_constant
  error - lib\features\properties\presentation\pages\properties_list_page.dart:117:65 - Invalid constant value. - invalid_constant
  error - lib\features\properties\presentation\pages\properties_list_page.dart:137:79 - Invalid constant value. - invalid_constant
  error - lib\features\properties\presentation\pages\properties_list_page.dart:156:85 - Invalid constant value. - invalid_constant
  error - lib\features\properties\presentation\pages\properties_list_page.dart:166:52 - Invalid constant value. - invalid_constant
  error - lib\features\properties\presentation\pages\properties_list_page.dart:212:54 - Invalid constant value. - invalid_constant
  error - lib\features\properties\presentation\pages\properties_list_page.dart:213:61 - Invalid constant value. - invalid_constant
  error - lib\features\reports\presentation\pages\property_report_page.dart:100:50 - Invalid constant value. - invalid_constant
  error - lib\features\reports\presentation\pages\property_report_page.dart:275:32 - Invalid constant value. - invalid_constant
  error - lib\features\reports\presentation\pages\property_report_page.dart:312:48 - Invalid constant value. - invalid_constant
  error - lib\features\reports\presentation\pages\property_report_page.dart:324:50 - Invalid constant value. - invalid_constant
  error - lib\features\reports\presentation\pages\reports_page.dart:136:55 - Invalid constant value. - invalid_constant
  error - lib\features\reports\presentation\pages\reports_page.dart:163:60 - Invalid constant value. - invalid_constant
  error - lib\features\reports\presentation\pages\reports_page.dart:169:56 - Invalid constant value. - invalid_constant
  error - lib\features\reports\presentation\pages\reports_page.dart:196:48 - Invalid constant value. - invalid_constant
  error - lib\features\reports\presentation\pages\reports_page.dart:198:48 - Invalid constant value. - invalid_constant
  error - lib\features\reports\presentation\pages\reports_page.dart:200:48 - Invalid constant value. - invalid_constant
  error - lib\features\reports\presentation\pages\reports_page.dart:278:54 - Invalid constant value. - invalid_constant
  error - lib\features\rooms\presentation\pages\add_room_page.dart:300:42 - Invalid constant value. - invalid_constant
  error - lib\features\rooms\presentation\pages\add_room_page.dart:346:52 - Invalid constant value. - invalid_constant
  error - lib\features\rooms\presentation\pages\add_room_page.dart:373:48 - Invalid constant value. - invalid_constant
  error - lib\features\rooms\presentation\pages\add_room_page.dart:435:40 - Invalid constant value. - invalid_constant
  error - lib\features\rooms\presentation\pages\add_room_page.dart:474:40 - Invalid constant value. - invalid_constant
  error - lib\features\rooms\presentation\pages\add_room_page.dart:604:63 - Invalid constant value. - invalid_constant
  error - lib\features\rooms\presentation\pages\add_room_page.dart:816:26 - Invalid constant value. - invalid_constant
  error - lib\features\rooms\presentation\pages\room_detail_page.dart:136:57 - Invalid constant value. - invalid_constant
  error - lib\features\rooms\presentation\pages\room_detail_page.dart:151:61 - Invalid constant value. - invalid_constant
  error - lib\features\rooms\presentation\pages\room_detail_page.dart:153:61 - Invalid constant value. - invalid_constant
  error - lib\features\rooms\presentation\pages\room_detail_page.dart:155:61 - Invalid constant value. - invalid_constant
  error - lib\features\rooms\presentation\pages\room_detail_page.dart:188:70 - Invalid constant value. - invalid_constant
  error - lib\features\rooms\presentation\pages\room_detail_page.dart:189:68 - Invalid constant value. - invalid_constant
  error - lib\features\rooms\presentation\pages\room_detail_page.dart:196:68 - Invalid constant value. - invalid_constant
  error - lib\features\rooms\presentation\pages\room_detail_page.dart:214:59 - Invalid constant value. - invalid_constant
  error - lib\features\rooms\presentation\pages\room_detail_page.dart:274:43 - Invalid constant value. - invalid_constant
  error - lib\features\rooms\presentation\pages\rooms_list_page.dart:74:59 - Invalid constant value. - invalid_constant
  error - lib\features\rooms\presentation\pages\rooms_list_page.dart:219:52 - Invalid constant value. - invalid_constant
  error - lib\features\rooms\presentation\pages\rooms_list_page.dart:251:65 - Invalid constant value. - invalid_constant
  error - lib\features\rooms\presentation\pages\rooms_list_page.dart:256:58 - Invalid constant value. - invalid_constant
  error - lib\features\settings\presentation\pages\owner_profile_page.dart:26:53 - Invalid constant value. - invalid_constant
  error - lib\features\settings\presentation\pages\owner_profile_page.dart:31:54 - Invalid constant value. - invalid_constant
  error - lib\features\settings\presentation\pages\owner_profile_page.dart:78:34 - Invalid constant value. - invalid_constant
  error - lib\features\settings\presentation\pages\owner_profile_page.dart:110:28 - Invalid constant value. - invalid_constant
  error - lib\features\settings\presentation\pages\settings_page.dart:47:74 - Invalid constant value. - invalid_constant
  error - lib\features\settings\presentation\pages\settings_page.dart:66:59 - Invalid constant value. - invalid_constant
  error - lib\features\settings\presentation\pages\settings_page.dart:180:72 - Invalid constant value. - invalid_constant
  error - lib\features\settings\presentation\pages\settings_page.dart:217:60 - Invalid constant value. - invalid_constant
  error - lib\features\settings\presentation\pages\settings_page.dart:220:56 - Invalid constant value. - invalid_constant
  error - lib\features\tenants\presentation\pages\add_tenant_page.dart:281:88 - Invalid constant value. - invalid_constant
  error - lib\features\tenants\presentation\pages\edit_tenant_page.dart:162:51 - Invalid constant value. - invalid_constant
  error - lib\features\tenants\presentation\pages\edit_tenant_page.dart:344:65 - Invalid constant value. - invalid_constant
  error - lib\features\tenants\presentation\pages\edit_tenant_page.dart:358:88 - Invalid constant value. - invalid_constant
  error - lib\features\tenants\presentation\pages\edit_tenant_page.dart:448:70 - Invalid constant value. - invalid_constant
  error - lib\features\tenants\presentation\pages\edit_tenant_page.dart:466:50 - Invalid constant value. - invalid_constant
  error - lib\features\tenants\presentation\pages\tenant_detail_page.dart:59:70 - Invalid constant value. - invalid_constant
  error - lib\features\tenants\presentation\pages\tenant_detail_page.dart:70:77 - Invalid constant value. - invalid_constant
  error - lib\features\tenants\presentation\pages\tenant_detail_page.dart:161:92 - Invalid constant value. - invalid_constant
  error - lib\features\tenants\presentation\pages\tenant_detail_page.dart:174:72 - Invalid constant value. - invalid_constant
  error - lib\features\tenants\presentation\pages\tenant_detail_page.dart:224:57 - Invalid constant value. - invalid_constant
  error - lib\features\tenants\presentation\pages\tenants_list_page.dart:38:63 - Invalid constant value. - invalid_constant
  error - lib\features\tenants\presentation\pages\tenants_list_page.dart:183:49 - Invalid constant value. - invalid_constant
  error - lib\features\tenants\presentation\pages\tenants_list_page.dart:187:80 - Invalid constant value. - invalid_constant
  error - lib\features\tenants\presentation\pages\tenants_list_page.dart:192:88 - Invalid constant value. - invalid_constant
  error - lib\features\tenants\presentation\pages\tenants_list_page.dart:201:81 - Invalid constant value. - invalid_constant
  error - lib\features\tenants\presentation\pages\tenants_list_page.dart:206:70 - Invalid constant value. - invalid_constant
  error - lib\features\tenants\presentation\pages\tenants_list_page.dart:278:51 - Invalid constant value. - invalid_constant
  error - test\features\auth\auth_repository_test.dart:33:24 - The named parameter 'email' is required, but there's no corresponding argument. Try adding the required argument. - missing_required_argument
  error - test\features\auth\auth_repository_test.dart:33:24 - The named parameter 'fullName' is required, but there's no corresponding argument. Try adding the required argument. - missing_required_argument
  error - test\features\auth\auth_repository_test.dart:33:24 - The named parameter 'password' is required, but there's no corresponding argument. Try adding the required argument. - missing_required_argument
  error - test\features\auth\auth_repository_test.dart:33:31 - Too many positional arguments: 0 expected, but 2 found. Try removing the extra positional arguments, or specifying the name for named arguments. - extra_positional_arguments_could_be_named
  error - test\features\auth\auth_repository_test.dart:48:24 - The named parameter 'email' is required, but there's no corresponding argument. Try adding the required argument. - missing_required_argument
  error - test\features\auth\auth_repository_test.dart:48:24 - The named parameter 'password' is required, but there's no corresponding argument. Try adding the required argument. - missing_required_argument
  error - test\features\auth\auth_repository_test.dart:48:31 - Too many positional arguments: 0 expected, but 2 found. Try removing the extra positional arguments, or specifying the name for named arguments. - extra_positional_arguments_could_be_named
warning - lib\core\providers\invoice_providers.dart:8:8 - Unused import: 'property_providers.dart'. Try removing the import directive. - unused_import
warning - lib\core\providers\property_providers.dart:3:8 - Unused import: '../database/database.dart'. Try removing the import directive. - unused_import
warning - lib\core\providers\room_providers.dart:3:8 - Unused import: '../database/database.dart'. Try removing the import directive. - unused_import
warning - lib\core\providers\tenant_providers.dart:35:9 - The value of the local variable 'filterIndex' isn't used. Try removing the variable or using it. - unused_local_variable
warning - lib\features\invoices\presentation\pages\create_invoice_page.dart:84:15 - The value of the local variable 'reading' isn't used. Try removing the variable or using it. - unused_local_variable
warning - lib\features\invoices\presentation\pages\invoice_status_page.dart:14:14 - The declaration '_currentMonth' isn't referenced. Try removing the declaration of '_currentMonth'. - unused_element
warning - lib\features\rooms\presentation\pages\add_room_page.dart:4:8 - Unused import: 'package:drift/drift.dart'. Try removing the import directive. - unused_import
warning - lib\features\rooms\presentation\pages\room_detail_page.dart:10:8 - Unused import: '../../../../core/providers/database_providers.dart'. Try removing the import directive. - unused_import
warning - lib\features\rooms\presentation\pages\room_detail_page.dart:49:25 - The value of the local variable 'tenantRepo' isn't used. Try removing the variable or using it. - unused_local_variable
warning - test\features\properties\property_repository_test.dart:3:8 - Unused import: 'package:drift/drift.dart'. Try removing the import directive. - unused_import
   info - lib\core\database\daos.dart:10:3 - Parameter 'db' could be a super parameter. Trying converting 'db' to a super parameter. - use_super_parameters
   info - lib\core\database\database.dart:35:13 - Don't invoke 'print' in production code. Try using a logging framework. - avoid_print
   info - lib\core\providers\theme_provider.dart:3:8 - The imported package 'shared_preferences' isn't a dependency of the importing package. Try adding a dependency for 'shared_preferences' in the 'pubspec.yaml' file. - depend_on_referenced_packages
   info - lib\core\widgets\main_scaffold.dart:28:35 - 'withOpacity' is deprecated and shouldn't be used. Use .withValues() to avoid precision loss. Try replacing the use of the deprecated member with the replacement. - deprecated_member_use
   info - lib\features\auth\presentation\pages\login_page.dart:107:43 - 'withOpacity' is deprecated and shouldn't be used. Use .withValues() to avoid precision loss. Try replacing the use of the deprecated member with the replacement. - deprecated_member_use
   info - lib\features\auth\presentation\pages\login_page.dart:151:48 - 'withOpacity' is deprecated and shouldn't be used. Use .withValues() to avoid precision loss. Try replacing the use of the deprecated member with the replacement. - deprecated_member_use
   info - lib\features\auth\presentation\pages\login_page.dart:195:48 - 'withOpacity' is deprecated and shouldn't be used. Use .withValues() to avoid precision loss. Try replacing the use of the deprecated member with the replacement. - deprecated_member_use
   info - lib\features\auth\presentation\pages\login_page.dart:233:68 - 'withOpacity' is deprecated and shouldn't be used. Use .withValues() to avoid precision loss. Try replacing the use of the deprecated member with the replacement. - deprecated_member_use
   info - lib\features\auth\presentation\pages\login_page.dart:245:68 - 'withOpacity' is deprecated and shouldn't be used. Use .withValues() to avoid precision loss. Try replacing the use of the deprecated member with the replacement. - deprecated_member_use
   info - lib\features\auth\presentation\pages\login_page.dart:344:30 - 'withOpacity' is deprecated and shouldn't be used. Use .withValues() to avoid precision loss. Try replacing the use of the deprecated member with the replacement. - deprecated_member_use
   info - lib\features\auth\presentation\pages\register_page.dart:159:43 - 'withOpacity' is deprecated and shouldn't be used. Use .withValues() to avoid precision loss. Try replacing the use of the deprecated member with the replacement. - deprecated_member_use
   info - lib\features\auth\presentation\pages\register_page.dart:286:68 - 'withOpacity' is deprecated and shouldn't be used. Use .withValues() to avoid precision loss. Try replacing the use of the deprecated member with the replacement. - deprecated_member_use
   info - lib\features\auth\presentation\pages\register_page.dart:298:68 - 'withOpacity' is deprecated and shouldn't be used. Use .withValues() to avoid precision loss. Try replacing the use of the deprecated member with the replacement. - deprecated_member_use
   info - lib\features\auth\presentation\pages\register_page.dart:416:36 - 'withOpacity' is deprecated and shouldn't be used. Use .withValues() to avoid precision loss. Try replacing the use of the deprecated member with the replacement. - deprecated_member_use
   info - lib\features\auth\presentation\pages\register_page.dart:443:30 - 'withOpacity' is deprecated and shouldn't be used. Use .withValues() to avoid precision loss. Try replacing the use of the deprecated member with the replacement. - deprecated_member_use
   info - lib\features\home\presentation\pages\home_page.dart:145:38 - Unnecessary use of multiple underscores. Try using '_'. - unnecessary_underscores
   info - lib\features\home\presentation\pages\home_page.dart:158:38 - Unnecessary use of multiple underscores. Try using '_'. - unnecessary_underscores
   info - lib\features\home\presentation\pages\home_page.dart:175:38 - Unnecessary use of multiple underscores. Try using '_'. - unnecessary_underscores
   info - lib\features\home\presentation\pages\home_page.dart:188:38 - Unnecessary use of multiple underscores. Try using '_'. - unnecessary_underscores
   info - lib\features\home\presentation\pages\home_page.dart:212:38 - Unnecessary use of multiple underscores. Try using '_'. - unnecessary_underscores
   info - lib\features\home\presentation\pages\home_page.dart:228:38 - Unnecessary use of multiple underscores. Try using '_'. - unnecessary_underscores
   info - lib\features\home\presentation\pages\home_page.dart:362:41 - 'withOpacity' is deprecated and shouldn't be used. Use .withValues() to avoid precision loss. Try replacing the use of the deprecated member with the replacement. - deprecated_member_use
   info - lib\features\home\presentation\pages\home_page.dart:375:26 - Unnecessary use of multiple underscores. Try using '_'. - unnecessary_underscores
   info - lib\features\home\presentation\pages\home_page.dart:387:26 - Unnecessary use of multiple underscores. Try using '_'. - unnecessary_underscores
   info - lib\features\home\presentation\pages\home_page.dart:399:26 - Unnecessary use of multiple underscores. Try using '_'. - unnecessary_underscores
   info - lib\features\home\presentation\pages\home_page.dart:555:43 - 'withOpacity' is deprecated and shouldn't be used. Use .withValues() to avoid precision loss. Try replacing the use of the deprecated member with the replacement. - deprecated_member_use
   info - lib\features\home\presentation\pages\home_page.dart:601:43 - 'withOpacity' is deprecated and shouldn't be used. Use .withValues() to avoid precision loss. Try replacing the use of the deprecated member with the replacement. - deprecated_member_use
   info - lib\features\home\presentation\pages\home_page.dart:663:43 - 'withOpacity' is deprecated and shouldn't be used. Use .withValues() to avoid precision loss. Try replacing the use of the deprecated member with the replacement. - deprecated_member_use
   info - lib\features\invoices\data\repositories\invoice_repository_impl.dart:53:7 - Don't invoke 'print' in production code. Try using a logging framework. - avoid_print
   info - lib\features\invoices\data\repositories\invoice_repository_impl.dart:79:7 - Don't invoke 'print' in production code. Try using a logging framework. - avoid_print
   info - lib\features\invoices\data\repositories\invoice_repository_impl.dart:155:7 - Don't invoke 'print' in production code. Try using a logging framework. - avoid_print
   info - lib\features\invoices\presentation\pages\invoice_status_page.dart:311:43 - 'withOpacity' is deprecated and shouldn't be used. Use .withValues() to avoid precision loss. Try replacing the use of the deprecated member with the replacement. - deprecated_member_use
   info - lib\features\meter_reading\data\repositories\meter_reading_repository_impl.dart:48:7 - Don't invoke 'print' in production code. Try using a logging framework. - avoid_print
   info - lib\features\meter_reading\data\repositories\meter_reading_repository_impl.dart:50:7 - Don't invoke 'print' in production code. Try using a logging framework. - avoid_print
   info - lib\features\meter_reading\data\repositories\meter_reading_repository_impl.dart:82:7 - Don't invoke 'print' in production code. Try using a logging framework. - avoid_print
   info - lib\features\meter_reading\data\repositories\meter_reading_repository_impl.dart:120:9 - Don't invoke 'print' in production code. Try using a logging framework. - avoid_print
   info - lib\features\meter_reading\data\repositories\meter_reading_repository_impl.dart:144:9 - Don't invoke 'print' in production code. Try using a logging framework. - avoid_print
   info - lib\features\meter_reading\data\repositories\meter_reading_repository_impl.dart:175:7 - Don't invoke 'print' in production code. Try using a logging framework. - avoid_print
   info - lib\features\meter_readings\presentation\pages\meter_readings_page.dart:200:53 - 'withOpacity' is deprecated and shouldn't be used. Use .withValues() to avoid precision loss. Try replacing the use of the deprecated member with the replacement. - deprecated_member_use
   info - lib\features\meter_readings\presentation\pages\meter_readings_page.dart:266:9 - An uninitialized field should have an explicit type annotation. Try adding a type annotation. - prefer_typing_uninitialized_variables
   info - lib\features\meter_readings\presentation\pages\meter_readings_page.dart:266:9 - Missing type annotation. Try adding a type annotation. - strict_top_level_inference
   info - lib\features\properties\data\repositories\property_repository_impl.dart:47:7 - Don't invoke 'print' in production code. Try using a logging framework. - avoid_print
   info - lib\features\properties\data\repositories\property_repository_impl.dart:57:7 - Don't invoke 'print' in production code. Try using a logging framework. - avoid_print
   info - lib\features\properties\data\repositories\service_repository_impl.dart:41:7 - Don't invoke 'print' in production code. Try using a logging framework. - avoid_print
   info - lib\features\properties\presentation\pages\properties_list_page.dart:105:43 - 'withOpacity' is deprecated and shouldn't be used. Use .withValues() to avoid precision loss. Try replacing the use of the deprecated member with the replacement. - deprecated_member_use
   info - lib\features\properties\presentation\pages\properties_list_page.dart:261:26 - Unnecessary use of string interpolation. Try replacing the string literal with the variable name. - unnecessary_string_interpolations
   info - lib\features\rooms\data\repositories\room_repository_impl.dart:53:7 - Don't invoke 'print' in production code. Try using a logging framework. - avoid_print
   info - lib\features\rooms\data\repositories\room_repository_impl.dart:55:7 - Don't invoke 'print' in production code. Try using a logging framework. - avoid_print
   info - lib\features\rooms\data\repositories\room_repository_impl.dart:75:7 - Don't invoke 'print' in production code. Try using a logging framework. - avoid_print
   info - lib\features\rooms\data\repositories\room_repository_impl.dart:85:7 - Don't invoke 'print' in production code. Try using a logging framework. - avoid_print
   info - lib\features\rooms\presentation\pages\rooms_list_page.dart:189:53 - 'withOpacity' is deprecated and shouldn't be used. Use .withValues() to avoid precision loss. Try replacing the use of the deprecated member with the replacement. - deprecated_member_use
   info - lib\features\settings\presentation\pages\owner_profile_page.dart:53:47 - 'withOpacity' is deprecated and shouldn't be used. Use .withValues() to avoid precision loss. Try replacing the use of the deprecated member with the replacement. - deprecated_member_use
   info - lib\features\settings\presentation\pages\owner_profile_page.dart:290:33 - 'withOpacity' is deprecated and shouldn't be used. Use .withValues() to avoid precision loss. Try replacing the use of the deprecated member with the replacement. - deprecated_member_use
   info - lib\features\settings\presentation\pages\owner_profile_page.dart:367:33 - 'withOpacity' is deprecated and shouldn't be used. Use .withValues() to avoid precision loss. Try replacing the use of the deprecated member with the replacement. - deprecated_member_use
   info - lib\features\settings\presentation\pages\settings_page.dart:102:25 - 'activeColor' is deprecated and shouldn't be used. Use activeThumbColor instead. This feature was deprecated after v3.31.0-2.0.pre. Try replacing the use of the deprecated member with the replacement. - deprecated_member_use
   info - lib\features\tenants\data\repositories\tenant_repository_impl.dart:51:7 - Don't invoke 'print' in production code. Try using a logging framework. - avoid_print
   info - lib\features\tenants\data\repositories\tenant_repository_impl.dart:53:7 - Don't invoke 'print' in production code. Try using a logging framework. - avoid_print
   info - lib\features\tenants\data\repositories\tenant_repository_impl.dart:83:7 - Don't invoke 'print' in production code. Try using a logging framework. - avoid_print
   info - lib\features\tenants\data\repositories\tenant_repository_impl.dart:85:7 - Don't invoke 'print' in production code. Try using a logging framework. - avoid_print
   info - lib\features\tenants\data\repositories\tenant_repository_impl.dart:96:7 - Don't invoke 'print' in production code. Try using a logging framework. - avoid_print
   info - lib\features\tenants\presentation\pages\edit_tenant_page.dart:245:41 - Unnecessary use of multiple underscores. Try using '_'. - unnecessary_underscores
   info - lib\features\tenants\presentation\pages\edit_tenant_page.dart:380:52 - 'withOpacity' is deprecated and shouldn't be used. Use .withValues() to avoid precision loss. Try replacing the use of the deprecated member with the replacement. - deprecated_member_use
   info - lib\features\tenants\presentation\pages\edit_tenant_page.dart:396:55 - 'withOpacity' is deprecated and shouldn't be used. Use .withValues() to avoid precision loss. Try replacing the use of the deprecated member with the replacement. - deprecated_member_use
   info - lib\features\tenants\presentation\pages\edit_tenant_page.dart:460:19 - Unnecessary use of string interpolation. Try replacing the string literal with the variable name. - unnecessary_string_interpolations
   info - lib\features\tenants\presentation\pages\tenants_list_page.dart:151:55 - 'withOpacity' is deprecated and shouldn't be used. Use .withValues() to avoid precision loss. Try replacing the use of the deprecated member with the replacement. - deprecated_member_use
   info - scratch\test_supabase.dart:1:8 - The imported package 'supabase' isn't a dependency of the importing package. Try adding a dependency for 'supabase' in the 'pubspec.yaml' file. - depend_on_referenced_packages
   info - scratch\test_supabase.dart:9:3 - Don't invoke 'print' in production code. Try using a logging framework. - avoid_print
   info - scratch\test_supabase.dart:18:5 - Don't invoke 'print' in production code. Try using a logging framework. - avoid_print
   info - scratch\test_supabase.dart:19:5 - Don't invoke 'print' in production code. Try using a logging framework. - avoid_print
   info - scratch\test_supabase.dart:21:5 - Don't invoke 'print' in production code. Try using a logging framework. - avoid_print
   info - scratch\test_supabase.dart:22:5 - Don't invoke 'print' in production code. Try using a logging framework. - avoid_print

184 issues found.
